export const snapshot = {};

snapshot[`basic example > should match the snapshot 1`] = `
"[1970-01-01T00:00:00.000Z] [TRACE] basic-example{dummy=value}: This is a trace message (key=value)
[1970-01-01T00:00:00.000Z] [DEBUG] basic-example{dummy=value}: This is a debug message (key=value)
[1970-01-01T00:00:00.000Z] [INFO] basic-example{dummy=value}: This is an info message (key=value)
[1970-01-01T00:00:00.000Z] [WARN] basic-example{dummy=value}: This is a warn message (key=value)
[1970-01-01T00:00:00.000Z] [ERROR] basic-example{dummy=value}: This is an error message (key=value)
[1970-01-01T00:00:00.000Z] [CRITICAL] basic-example{dummy=value}: This is a critical message (key=value)
"
`;

snapshot[`api-class-instrumentation example > should match the snapshot 1`] = `
"[1970-01-01T00:00:00.000Z] [INFO] request{requestId=123}:LoginController.login{args.0=user}: Entering LoginController.login
[1970-01-01T00:00:00.000Z] [ERROR] request{requestId=123}:LoginController.login{args.0=user}:AuthService.login{args.0=user}:UserRepository.findUserByUsername{args.0=user}: Found user matching username (returnValue.user.id=42)
[1970-01-01T00:00:00.000Z] [INFO] request{requestId=123}:LoginController.login{args.0=user}:AuthService.login{args.0=user}:TokenRepository.generateUserToken{args.0=42}: Issuing tokens for user
[1970-01-01T00:00:00.000Z] [INFO] request{requestId=123}:LoginController.login{args.0=user}: Exiting LoginController.login
[1970-01-01T00:00:00.000Z] [DEBUG] request{requestId=123}: Issued tokens (tokens.authToken=eyJhbGciOiJIUzI1...POk6yJV_adQssw5c, tokens.refreshToken=eyJhbGciOiJIUzI1...iIRyXaPwXFfeigrU)
"
`;
